// Jest Snapshot v1, https://goo.gl/fbAQLP

exports[`Layout Outer renders correctly 1`] = `
.c0 {
  display: -webkit-box;
  display: -webkit-flex;
  display: -ms-flexbox;
  display: flex;
  -webkit-flex-direction: column;
  -ms-flex-direction: column;
  flex-direction: column;
  max-width: 1228px;
  margin: 0 auto;
  padding: 24px;
  min-height: 100vh;
  box-sizing: border-box;
}

<div
  className="c0"
/>
`;

exports[`Layout renders correctly 1`] = `
<Outer>
  <Connect(Logo) />
  content
</Outer>
`;
